t/data/toload.pl
Can't locate Some/Thing.pm in @INC (@INC contains: D:/PerlDev/TraceLoad/Devel-TraceLoad-0.05/../blib/arch D:/PerlDev/TraceLoad/Devel-TraceLoad-0.05/../blib/lib D:\Perl\lib D:\Perl\lib D:/Perl/lib D:/Perl/site/lib . D:/Perl/lib D:/Perl/site/lib .) at t/transparency.pl line 10.
Can't locate t/data/toload in @INC (@INC contains: D:/PerlDev/TraceLoad/Devel-TraceLoad-0.05/../blib/arch D:/PerlDev/TraceLoad/Devel-TraceLoad-0.05/../blib/lib D:\Perl\lib D:\Perl\lib D:/Perl/lib D:/Perl/site/lib . D:/Perl/lib D:/Perl/site/lib .) at t/transparency.pl line 15.
Can't locate nothing.pm in @INC (@INC contains: D:/PerlDev/TraceLoad/Devel-TraceLoad-0.05/../blib/arch D:/PerlDev/TraceLoad/Devel-TraceLoad-0.05/../blib/lib D:\Perl\lib D:\Perl\lib D:/Perl/lib D:/Perl/site/lib . D:/Perl/lib D:/Perl/site/lib .) at t/transparency.pl line 20.
t/data/toload.pl (no version number)
t/data/toload.pl (no version number)
t/data/toload.pl (no version number)
