t/data/toload.pl
Can't locate Some/Thing.pm in @INC (@INC contains: d:/perldev/traceload/blib/arch d:/perldev/traceload/blib/lib D:\Perl\lib D:\Perl\lib D:/Perl/lib D:/Perl/site/lib . D:/Perl/lib D:/Perl/site/lib .) at t/transparency.pl line 10.
Can't locate t/data/toload in @INC (@INC contains: d:/perldev/traceload/blib/arch d:/perldev/traceload/blib/lib D:\Perl\lib D:\Perl\lib D:/Perl/lib D:/Perl/site/lib . D:/Perl/lib D:/Perl/site/lib .) at t/transparency.pl line 15.
Can't locate nothing.pm in @INC (@INC contains: d:/perldev/traceload/blib/arch d:/perldev/traceload/blib/lib D:\Perl\lib D:\Perl\lib D:/Perl/lib D:/Perl/site/lib . D:/Perl/lib D:/Perl/site/lib .) at t/transparency.pl line 20.
t/data/toload.pl 
t/data/toload.pl 
t/data/toload.pl 
