Can't locate v5.5.1 in @INC (@INC contains: t D:/PerlDev/TraceLoad/Devel-TraceLoad-0.05/../blib/arch D:/PerlDev/TraceLoad/Devel-TraceLoad-0.05/../blib/lib D:\Perl\lib D:/Perl/lib D:/Perl/site/lib .) at t/version_num.pl line 8.
lib 0.5564
   Config (no version number)
      Exporter 5.562
Data::Bar 1.0
